[dotenv@17.2.3] injecting env (4) from ..\.env -- tip: ÔÜÖ´©Å  suppress all logs with { quiet: true }
URL: MISSING
SERVICE: OK
node.exe : Missing 
VITE_SUPABASE_URL or S
UPABASE_SERVICE_ROLE_K
EY
At line:1 char:1
+ & "C:\Program Files\
nodejs/node.exe" 
"C:\Program 
Files\nodejs/node_mo 
...
+ ~~~~~~~~~~~~~~~~~~~~
~~~~~~~~~~~~~~~~~~~~~~
~~~~~~~~~~~~~~~~~~~~~~
~~~~~
    + CategoryInfo    
          : NotSpeci  
  fied: (Missing VI   
 TE_SU...ERVICE_RO    
LE_KEY:String) []    
, RemoteException
    + FullyQualifiedE 
   rrorId : NativeCo  
  mmandError
 
